> Task :app:clean
> Task :app:preBuild UP-TO-DATE
> Task :app:preDebugBuild UP-TO-DATE
> Task :app:mergeDebugNativeDebugMetadata NO-SOURCE
> Task :app:dataBindingMergeDependencyArtifactsDebug
> Task :app:generateDebugResources
> Task :app:packageDebugResources
> Task :app:processDebugNavigationResources
> Task :app:generateDebugAssets UP-TO-DATE
> Task :app:parseDebugLocalResources
> Task :app:javaPreCompileDebug
> Task :app:mergeDebugAssets
> Task :app:desugarDebugFileDependencies
> Task :app:mapDebugSourceSetPaths
> Task :app:createDebugCompatibleScreenManifests
> Task :app:checkDebugAarMetadata
> Task :app:generateDebugRFile
> Task :app:checkDebugDuplicateClasses
> Task :app:compileDebugNavigationResources
> Task :app:extractDeepLinksDebug
> Task :app:mergeLibDexDebug

> Task :app:processDebugMainManifest
package="com.shejan.pdfbox_pdfeditor" found in source AndroidManifest.xml: C:\Users\ShejanAhmmed\Documents\All My Projects\Apps\PDFboxPDFEditor\app\src\main\AndroidManifest.xml.
Setting the namespace via the package attribute in the source AndroidManifest.xml is no longer supported, and the value is ignored.
Recommendation: remove package="com.shejan.pdfbox_pdfeditor" from the source AndroidManifest.xml: C:\Users\ShejanAhmmed\Documents\All My Projects\Apps\PDFboxPDFEditor\app\src\main\AndroidManifest.xml.

> Task :app:processDebugManifest
> Task :app:mergeDebugJniLibFolders
> Task :app:validateSigningDebug
> Task :app:processDebugManifestForPackage
> Task :app:writeDebugAppMetadata
> Task :app:writeDebugSigningConfigVersions
> Task :app:mergeDebugNativeLibs

> Task :app:stripDebugDebugSymbols
Unable to strip the following libraries, packaging them as they are: libc++_shared.so, libjniPdfium.so, libmodft2.so, libmodpdfium.so, libmodpng.so. Run with --info option to learn more.

> Task :app:compressDebugAssets
> Task :app:mergeDebugResources
> Task :app:dataBindingGenBaseClassesDebug
> Task :app:processDebugResources
> Task :app:mergeExtDexDebug
> Task :app:compileDebugKotlin
> Task :app:compileDebugJavaWithJavac FAILED
.\gradlew.bat : 
At line:1 char:1
+ .\gradlew.bat clean assembleDebug > build_output.txt 2>&1
+ ~~~~~~~~~~~~~~~~~~~~~~~~~~~~~~~~~~~~~~~~~~~~~~~~~~~~~~~~~
    + CategoryInfo          : NotSpecified: (:String) [], RemoteExcep 
   tion
    + FullyQualifiedErrorId : NativeCommandError
 
FAILURE: Build failed with an exception.

* What went wrong:
Execution failed for task ':app:compileDebugJavaWithJavac'.
> Could not resolve all files for configuration 
':app:androidJdkImage'.
   > Failed to transform core-for-system-modules.jar to match 
attributes {artifactType=_internal_android_jdk_image, 
org.gradle.libraryelements=jar, org.gradle.usage=java-runtime}.
      > Execution failed for JdkImageTransform: C:\Users\ShejanAhmmed\
AppData\Local\Android\Sdk\platforms\android-36\core-for-system-modules
.jar.
         > jlink executable C:\Users\ShejanAhmmed\.antigravity\extensi
ons\redhat.java-1.52.0-win32-x64\jre\21.0.9-win32-x86_64\bin\jlink.exe
 does not exist.

* Try:
> Run with --stacktrace option to get the stack trace.
> Run with --info or --debug option to get more log output.
> Run with --scan to get full insights from a Build Scan (powered by 
Develocity).
> Get more help at https://help.gradle.org.

BUILD FAILED in 19s
33 actionable tasks: 33 executed
